
> ai-notes@0.0.1 build
> turbo build


   ÔÇó Packages in scope: @workspace/eslint-config, @workspace/typescript-config, @workspace/ui, web
   ÔÇó Running build in 4 packages
   ÔÇó Remote caching disabled

web:build: cache miss, executing 830c5caa708b92fd
web:build: 
web:build: > web@0.0.1 build
web:build: > next build
web:build: 
web:build: Ôû▓ Next.js 16.2.6 (Turbopack)
web:build: - Environments: .env.local
web:build: 
web:build:   Creating an optimized production build ...
web:build: Ô£ô Compiled successfully in 3.9s
web:build:   Running TypeScript ...
web:build: Failed to type check.
web:build: 
web:build: ./app/(dashboard)/categories/page.tsx:44:50
web:build: Type error: Type 'string | undefined' is not assignable to type 'string'.
web:build:   Type 'undefined' is not assignable to type 'string'.
web:build: 
web:build:   [90m42 |[0m     [36mif[0m (!newName.trim()) [36mreturn[0m;
web:build:   [90m43 |[0m     setCreating([36mtrue[0m);
web:build: [31m[1m>[0m [90m44 |[0m     [36mawait[0m createCategory({ name: newName.trim(), color: newColor });
web:build:   [90m   |[0m                                                  [31m[1m^[0m
web:build:   [90m45 |[0m     setCreating([36mfalse[0m);
web:build:   [90m46 |[0m     setNewName([32m""[0m);
web:build:   [90m47 |[0m     setNewColor([33mPRESET_COLORS[0m[[35m0[0m]);
web:build: Next.js build worker exited with code: 1 and signal: null
web:build: npm error Lifecycle script `build` failed with error:
web:build: npm error code 1
web:build: npm error path C:\Users\tr\Desktop\ai-notes\apps\web
web:build: npm error workspace web@0.0.1
web:build: npm error location C:\Users\tr\Desktop\ai-notes\apps\web
web:build: npm error command failed
web:build: npm error command C:\WINDOWS\system32\cmd.exe /d /s /c next build
node.exe : web#build:  ERROR  command (C:\Users\tr\Desktop\ai-notes\apps\web) C
:\Program Files\nodejs\node.exe C:\Program Files\nodejs\node_modules\npm\bin\np
m-cli.js run build exited (1)
At C:\Program Files\nodejs\npm.ps1:29 char:3
+   & $NODE_EXE $NPM_CLI_JS $args
+   ~~~~~~~~~~~~~~~~~~~~~~~~~~~~~
    + CategoryInfo          : NotSpecified: (web#build:  ERR...uild exited (1) 
   :String) [], RemoteException
    + FullyQualifiedErrorId : NativeCommandError
 

 Tasks:    0 successful, 1 total
Cached:    0 cached, 1 total
  Time:    9.384s 
Failed:    web#build

 ERROR  run failed: command  exited (1)
